MPLINK 5.08, LINKER
Linker Map File - Created Mon Mar 04 17:02:57 2019

                                 Section Info
                  Section       Type    Address   Location Size(Bytes)
                ---------  ---------  ---------  ---------  ---------
                   .org_0       code   0x000000    program   0x00003e
                   .cinit    romdata   0x00003e    program   0x000002
.config_300001_BUILD/DEFAULT/PRODUCTION/PRACTIC    romdata   0x300001    program   0x000001
.config_300003_BUILD/DEFAULT/PRODUCTION/PRACTIC    romdata   0x300003    program   0x000001
.config_300005_BUILD/DEFAULT/PRODUCTION/PRACTIC    romdata   0x300005    program   0x000001
.config_300006_BUILD/DEFAULT/PRODUCTION/PRACTIC    romdata   0x300006    program   0x000001



                              Program Memory Usage 
                               Start         End      
                           ---------   ---------      
                            0x000000    0x00003f      
                            0x300001    0x300001      
                            0x300003    0x300003      
                            0x300005    0x300006      
            68 out of 33048 program addresses used, program memory utilization is 0%



                              Symbols - Sorted by Name
                     Name    Address   Location    Storage File                     
                ---------  ---------  ---------  --------- ---------                
                   Delay1   0x000030    program     static C:\Users\aguil\Documents\Codigos\Tareas_ayuda\Practica1\PRACTICA1.X\PRACTICA1.asm
                 MainLoop   0x000012    program     static C:\Users\aguil\Documents\Codigos\Tareas_ayuda\Practica1\PRACTICA1.X\PRACTICA1.asm
                    Start   0x000000    program     static C:\Users\aguil\Documents\Codigos\Tareas_ayuda\Practica1\PRACTICA1.X\PRACTICA1.asm



                              Symbols - Sorted by Address
                     Name    Address   Location    Storage File                     
                ---------  ---------  ---------  --------- ---------                
                    Start   0x000000    program     static C:\Users\aguil\Documents\Codigos\Tareas_ayuda\Practica1\PRACTICA1.X\PRACTICA1.asm
                 MainLoop   0x000012    program     static C:\Users\aguil\Documents\Codigos\Tareas_ayuda\Practica1\PRACTICA1.X\PRACTICA1.asm
                   Delay1   0x000030    program     static C:\Users\aguil\Documents\Codigos\Tareas_ayuda\Practica1\PRACTICA1.X\PRACTICA1.asm


